Started GET "/" for 172.21.0.1 at 2025-10-29 07:05:03 +0000
Cannot render console from 172.21.0.1! Allowed networks: 127.0.0.0/127.255.255.255, ::1
  
ActiveRecord::NoDatabaseError (Database not found: app. Available database configurations can be found in config/database.yml.

To resolve this error:

- Create the database by running:

    bin/rails db:create

- Verify that config/database.yml contains the correct database name.
)
Caused by: Mysql2::Error (Unknown database 'app')

Information for: ActiveRecord::NoDatabaseError (Database not found: app. Available database configurations can be found in config/database.yml.

To resolve this error:

- Create the database by running:

    bin/rails db:create

- Verify that config/database.yml contains the correct database name.
):
  
activerecord (8.1.1) lib/active_record/connection_adapters/mysql2_adapter.rb:30:in `rescue in new_client'
activerecord (8.1.1) lib/active_record/connection_adapters/mysql2_adapter.rb:25:in `new_client'
activerecord (8.1.1) lib/active_record/connection_adapters/mysql2_adapter.rb:144:in `connect'
activerecord (8.1.1) lib/active_record/connection_adapters/mysql2_adapter.rb:153:in `block in reconnect'
activesupport (8.1.1) lib/active_support/concurrency/null_lock.rb:9:in `synchronize'
activerecord (8.1.1) lib/active_record/connection_adapters/mysql2_adapter.rb:150:in `reconnect'
activerecord (8.1.1) lib/active_record/connection_adapters/abstract_adapter.rb:718:in `block in reconnect!'
activesupport (8.1.1) lib/active_support/concurrency/null_lock.rb:9:in `synchronize'
activerecord (8.1.1) lib/active_record/connection_adapters/abstract_adapter.rb:715:in `reconnect!'
activerecord (8.1.1) lib/active_record/connection_adapters/abstract_adapter.rb:825:in `block in verify!'
activesupport (8.1.1) lib/active_support/concurrency/null_lock.rb:9:in `synchronize'
activerecord (8.1.1) lib/active_record/connection_adapters/abstract_adapter.rb:814:in `verify!'
activerecord (8.1.1) lib/active_record/connection_adapters/abstract_adapter.rb:834:in `connect!'
activerecord (8.1.1) lib/active_record/connection_adapters/abstract_adapter.rb:1051:in `block in with_raw_connection'
activesupport (8.1.1) lib/active_support/concurrency/null_lock.rb:9:in `synchronize'
activerecord (8.1.1) lib/active_record/connection_adapters/abstract_adapter.rb:1050:in `with_raw_connection'
activerecord (8.1.1) lib/active_record/connection_adapters/abstract_mysql_adapter.rb:722:in `quote_string'
activerecord (8.1.1) lib/active_record/connection_adapters/abstract/quoting.rb:75:in `quote'
activerecord (8.1.1) lib/active_record/connection_adapters/mysql/schema_statements.rb:282:in `quoted_scope'
activerecord (8.1.1) lib/active_record/connection_adapters/mysql/schema_statements.rb:264:in `data_source_sql'
activerecord (8.1.1) lib/active_record/connection_adapters/abstract/schema_statements.rb:61:in `table_exists?'
activerecord (8.1.1) lib/active_record/schema_migration.rb:55:in `block in create_table'
activerecord (8.1.1) lib/active_record/connection_adapters/abstract/connection_pool.rb:463:in `with_connection'
activerecord (8.1.1) lib/active_record/schema_migration.rb:54:in `create_table'
activerecord (8.1.1) lib/active_record/migration.rb:1440:in `initialize'
activerecord (8.1.1) lib/active_record/migration.rb:1288:in `new'
activerecord (8.1.1) lib/active_record/migration.rb:1288:in `open'
activerecord (8.1.1) lib/active_record/migration.rb:763:in `block (2 levels) in pending_migrations'
activerecord (8.1.1) lib/active_record/migration/pending_migration_connection.rb:8:in `with_temporary_pool'
activerecord (8.1.1) lib/active_record/migration.rb:762:in `block in pending_migrations'
activerecord (8.1.1) lib/active_record/migration.rb:761:in `each'
activerecord (8.1.1) lib/active_record/migration.rb:761:in `pending_migrations'
activerecord (8.1.1) lib/active_record/migration.rb:740:in `check_pending_migrations'
activerecord (8.1.1) lib/active_record/migration.rb:660:in `block (2 levels) in call'
activesupport (8.1.1) lib/active_support/file_update_checker.rb:88:in `execute'
activerecord (8.1.1) lib/active_record/migration.rb:665:in `block in call'
activerecord (8.1.1) lib/active_record/migration.rb:657:in `synchronize'
activerecord (8.1.1) lib/active_record/migration.rb:657:in `call'
actionpack (8.1.1) lib/action_dispatch/middleware/callbacks.rb:31:in `block in call'
activesupport (8.1.1) lib/active_support/callbacks.rb:101:in `run_callbacks'
actionpack (8.1.1) lib/action_dispatch/middleware/callbacks.rb:30:in `call'
actionpack (8.1.1) lib/action_dispatch/middleware/executor.rb:20:in `call'
actionpack (8.1.1) lib/action_dispatch/middleware/actionable_exceptions.rb:18:in `call'
actionpack (8.1.1) lib/action_dispatch/middleware/debug_exceptions.rb:31:in `call'
web-console (4.2.1) lib/web_console/middleware.rb:132:in `call_app'
web-console (4.2.1) lib/web_console/middleware.rb:19:in `block in call'
web-console (4.2.1) lib/web_console/middleware.rb:17:in `catch'
web-console (4.2.1) lib/web_console/middleware.rb:17:in `call'
actionpack (8.1.1) lib/action_dispatch/middleware/show_exceptions.rb:32:in `call'
railties (8.1.1) lib/rails/rack/logger.rb:41:in `call_app'
railties (8.1.1) lib/rails/rack/logger.rb:29:in `call'
propshaft (1.3.1) lib/propshaft/quiet_assets.rb:11:in `call'
actionpack (8.1.1) lib/action_dispatch/middleware/remote_ip.rb:98:in `call'
actionpack (8.1.1) lib/action_dispatch/middleware/request_id.rb:34:in `call'
rack (3.2.3) lib/rack/method_override.rb:28:in `call'
rack (3.2.3) lib/rack/runtime.rb:24:in `call'
actionpack (8.1.1) lib/action_dispatch/middleware/server_timing.rb:61:in `block in call'
actionpack (8.1.1) lib/action_dispatch/middleware/server_timing.rb:26:in `collect_events'
actionpack (8.1.1) lib/action_dispatch/middleware/server_timing.rb:60:in `call'
actionpack (8.1.1) lib/action_dispatch/middleware/executor.rb:20:in `call'
propshaft (1.3.1) lib/propshaft/server.rb:37:in `call'
actionpack (8.1.1) lib/action_dispatch/middleware/static.rb:27:in `call'
rack (3.2.3) lib/rack/sendfile.rb:131:in `call'
actionpack (8.1.1) lib/action_dispatch/middleware/host_authorization.rb:143:in `call'
railties (8.1.1) lib/rails/engine.rb:534:in `call'
puma (7.1.0) lib/puma/configuration.rb:300:in `call'
puma (7.1.0) lib/puma/request.rb:101:in `block in handle_request'
puma (7.1.0) lib/puma/thread_pool.rb:355:in `with_force_shutdown'
puma (7.1.0) lib/puma/request.rb:100:in `handle_request'
puma (7.1.0) lib/puma/server.rb:503:in `process_client'
puma (7.1.0) lib/puma/server.rb:262:in `block in run'
puma (7.1.0) lib/puma/thread_pool.rb:182:in `block in spawn_thread'

Information for cause: Mysql2::Error (Unknown database 'app'):
  
mysql2 (0.5.7) lib/mysql2/client.rb:92:in `connect'
mysql2 (0.5.7) lib/mysql2/client.rb:92:in `initialize'
activerecord (8.1.1) lib/active_record/connection_adapters/mysql2_adapter.rb:26:in `new'
activerecord (8.1.1) lib/active_record/connection_adapters/mysql2_adapter.rb:26:in `new_client'
activerecord (8.1.1) lib/active_record/connection_adapters/mysql2_adapter.rb:144:in `connect'
activerecord (8.1.1) lib/active_record/connection_adapters/mysql2_adapter.rb:153:in `block in reconnect'
activesupport (8.1.1) lib/active_support/concurrency/null_lock.rb:9:in `synchronize'
activerecord (8.1.1) lib/active_record/connection_adapters/mysql2_adapter.rb:150:in `reconnect'
activerecord (8.1.1) lib/active_record/connection_adapters/abstract_adapter.rb:718:in `block in reconnect!'
activesupport (8.1.1) lib/active_support/concurrency/null_lock.rb:9:in `synchronize'
activerecord (8.1.1) lib/active_record/connection_adapters/abstract_adapter.rb:715:in `reconnect!'
activerecord (8.1.1) lib/active_record/connection_adapters/abstract_adapter.rb:825:in `block in verify!'
activesupport (8.1.1) lib/active_support/concurrency/null_lock.rb:9:in `synchronize'
activerecord (8.1.1) lib/active_record/connection_adapters/abstract_adapter.rb:814:in `verify!'
activerecord (8.1.1) lib/active_record/connection_adapters/abstract_adapter.rb:834:in `connect!'
activerecord (8.1.1) lib/active_record/connection_adapters/abstract_adapter.rb:1051:in `block in with_raw_connection'
activesupport (8.1.1) lib/active_support/concurrency/null_lock.rb:9:in `synchronize'
activerecord (8.1.1) lib/active_record/connection_adapters/abstract_adapter.rb:1050:in `with_raw_connection'
activerecord (8.1.1) lib/active_record/connection_adapters/abstract_mysql_adapter.rb:722:in `quote_string'
activerecord (8.1.1) lib/active_record/connection_adapters/abstract/quoting.rb:75:in `quote'
activerecord (8.1.1) lib/active_record/connection_adapters/mysql/schema_statements.rb:282:in `quoted_scope'
activerecord (8.1.1) lib/active_record/connection_adapters/mysql/schema_statements.rb:264:in `data_source_sql'
activerecord (8.1.1) lib/active_record/connection_adapters/abstract/schema_statements.rb:61:in `table_exists?'
activerecord (8.1.1) lib/active_record/schema_migration.rb:55:in `block in create_table'
activerecord (8.1.1) lib/active_record/connection_adapters/abstract/connection_pool.rb:463:in `with_connection'
activerecord (8.1.1) lib/active_record/schema_migration.rb:54:in `create_table'
activerecord (8.1.1) lib/active_record/migration.rb:1440:in `initialize'
activerecord (8.1.1) lib/active_record/migration.rb:1288:in `new'
activerecord (8.1.1) lib/active_record/migration.rb:1288:in `open'
activerecord (8.1.1) lib/active_record/migration.rb:763:in `block (2 levels) in pending_migrations'
activerecord (8.1.1) lib/active_record/migration/pending_migration_connection.rb:8:in `with_temporary_pool'
activerecord (8.1.1) lib/active_record/migration.rb:762:in `block in pending_migrations'
activerecord (8.1.1) lib/active_record/migration.rb:761:in `each'
activerecord (8.1.1) lib/active_record/migration.rb:761:in `pending_migrations'
activerecord (8.1.1) lib/active_record/migration.rb:740:in `check_pending_migrations'
activerecord (8.1.1) lib/active_record/migration.rb:660:in `block (2 levels) in call'
activesupport (8.1.1) lib/active_support/file_update_checker.rb:88:in `execute'
activerecord (8.1.1) lib/active_record/migration.rb:665:in `block in call'
activerecord (8.1.1) lib/active_record/migration.rb:657:in `synchronize'
activerecord (8.1.1) lib/active_record/migration.rb:657:in `call'
actionpack (8.1.1) lib/action_dispatch/middleware/callbacks.rb:31:in `block in call'
activesupport (8.1.1) lib/active_support/callbacks.rb:101:in `run_callbacks'
actionpack (8.1.1) lib/action_dispatch/middleware/callbacks.rb:30:in `call'
actionpack (8.1.1) lib/action_dispatch/middleware/executor.rb:20:in `call'
actionpack (8.1.1) lib/action_dispatch/middleware/actionable_exceptions.rb:18:in `call'
actionpack (8.1.1) lib/action_dispatch/middleware/debug_exceptions.rb:31:in `call'
web-console (4.2.1) lib/web_console/middleware.rb:132:in `call_app'
web-console (4.2.1) lib/web_console/middleware.rb:19:in `block in call'
web-console (4.2.1) lib/web_console/middleware.rb:17:in `catch'
web-console (4.2.1) lib/web_console/middleware.rb:17:in `call'
actionpack (8.1.1) lib/action_dispatch/middleware/show_exceptions.rb:32:in `call'
railties (8.1.1) lib/rails/rack/logger.rb:41:in `call_app'
railties (8.1.1) lib/rails/rack/logger.rb:29:in `call'
propshaft (1.3.1) lib/propshaft/quiet_assets.rb:11:in `call'
actionpack (8.1.1) lib/action_dispatch/middleware/remote_ip.rb:98:in `call'
actionpack (8.1.1) lib/action_dispatch/middleware/request_id.rb:34:in `call'
rack (3.2.3) lib/rack/method_override.rb:28:in `call'
rack (3.2.3) lib/rack/runtime.rb:24:in `call'
actionpack (8.1.1) lib/action_dispatch/middleware/server_timing.rb:61:in `block in call'
actionpack (8.1.1) lib/action_dispatch/middleware/server_timing.rb:26:in `collect_events'
actionpack (8.1.1) lib/action_dispatch/middleware/server_timing.rb:60:in `call'
actionpack (8.1.1) lib/action_dispatch/middleware/executor.rb:20:in `call'
propshaft (1.3.1) lib/propshaft/server.rb:37:in `call'
actionpack (8.1.1) lib/action_dispatch/middleware/static.rb:27:in `call'
rack (3.2.3) lib/rack/sendfile.rb:131:in `call'
actionpack (8.1.1) lib/action_dispatch/middleware/host_authorization.rb:143:in `call'
railties (8.1.1) lib/rails/engine.rb:534:in `call'
puma (7.1.0) lib/puma/configuration.rb:300:in `call'
puma (7.1.0) lib/puma/request.rb:101:in `block in handle_request'
puma (7.1.0) lib/puma/thread_pool.rb:355:in `with_force_shutdown'
puma (7.1.0) lib/puma/request.rb:100:in `handle_request'
puma (7.1.0) lib/puma/server.rb:503:in `process_client'
puma (7.1.0) lib/puma/server.rb:262:in `block in run'
puma (7.1.0) lib/puma/thread_pool.rb:182:in `block in spawn_thread'
Started GET "/favicon.ico" for 172.21.0.1 at 2025-10-29 07:05:04 +0000
Cannot render console from 172.21.0.1! Allowed networks: 127.0.0.0/127.255.255.255, ::1
  
ActiveRecord::NoDatabaseError (Database not found: app. Available database configurations can be found in config/database.yml.

To resolve this error:

- Create the database by running:

    bin/rails db:create

- Verify that config/database.yml contains the correct database name.
)
Caused by: Mysql2::Error (Unknown database 'app')

Information for: ActiveRecord::NoDatabaseError (Database not found: app. Available database configurations can be found in config/database.yml.

To resolve this error:

- Create the database by running:

    bin/rails db:create

- Verify that config/database.yml contains the correct database name.
):
  
activerecord (8.1.1) lib/active_record/connection_adapters/mysql2_adapter.rb:30:in `rescue in new_client'
activerecord (8.1.1) lib/active_record/connection_adapters/mysql2_adapter.rb:25:in `new_client'
activerecord (8.1.1) lib/active_record/connection_adapters/mysql2_adapter.rb:144:in `connect'
activerecord (8.1.1) lib/active_record/connection_adapters/mysql2_adapter.rb:153:in `block in reconnect'
activesupport (8.1.1) lib/active_support/concurrency/null_lock.rb:9:in `synchronize'
activerecord (8.1.1) lib/active_record/connection_adapters/mysql2_adapter.rb:150:in `reconnect'
activerecord (8.1.1) lib/active_record/connection_adapters/abstract_adapter.rb:718:in `block in reconnect!'
activesupport (8.1.1) lib/active_support/concurrency/null_lock.rb:9:in `synchronize'
activerecord (8.1.1) lib/active_record/connection_adapters/abstract_adapter.rb:715:in `reconnect!'
activerecord (8.1.1) lib/active_record/connection_adapters/abstract_adapter.rb:825:in `block in verify!'
activesupport (8.1.1) lib/active_support/concurrency/null_lock.rb:9:in `synchronize'
activerecord (8.1.1) lib/active_record/connection_adapters/abstract_adapter.rb:814:in `verify!'
activerecord (8.1.1) lib/active_record/connection_adapters/abstract_adapter.rb:834:in `connect!'
activerecord (8.1.1) lib/active_record/connection_adapters/abstract_adapter.rb:1051:in `block in with_raw_connection'
activesupport (8.1.1) lib/active_support/concurrency/null_lock.rb:9:in `synchronize'
activerecord (8.1.1) lib/active_record/connection_adapters/abstract_adapter.rb:1050:in `with_raw_connection'
activerecord (8.1.1) lib/active_record/connection_adapters/abstract_mysql_adapter.rb:722:in `quote_string'
activerecord (8.1.1) lib/active_record/connection_adapters/abstract/quoting.rb:75:in `quote'
activerecord (8.1.1) lib/active_record/connection_adapters/mysql/schema_statements.rb:282:in `quoted_scope'
activerecord (8.1.1) lib/active_record/connection_adapters/mysql/schema_statements.rb:264:in `data_source_sql'
activerecord (8.1.1) lib/active_record/connection_adapters/abstract/schema_statements.rb:61:in `table_exists?'
activerecord (8.1.1) lib/active_record/schema_migration.rb:55:in `block in create_table'
activerecord (8.1.1) lib/active_record/connection_adapters/abstract/connection_pool.rb:463:in `with_connection'
activerecord (8.1.1) lib/active_record/schema_migration.rb:54:in `create_table'
activerecord (8.1.1) lib/active_record/migration.rb:1440:in `initialize'
activerecord (8.1.1) lib/active_record/migration.rb:1288:in `new'
activerecord (8.1.1) lib/active_record/migration.rb:1288:in `open'
activerecord (8.1.1) lib/active_record/migration.rb:763:in `block (2 levels) in pending_migrations'
activerecord (8.1.1) lib/active_record/migration/pending_migration_connection.rb:8:in `with_temporary_pool'
activerecord (8.1.1) lib/active_record/migration.rb:762:in `block in pending_migrations'
activerecord (8.1.1) lib/active_record/migration.rb:761:in `each'
activerecord (8.1.1) lib/active_record/migration.rb:761:in `pending_migrations'
activerecord (8.1.1) lib/active_record/migration.rb:740:in `check_pending_migrations'
activerecord (8.1.1) lib/active_record/migration.rb:660:in `block (2 levels) in call'
activesupport (8.1.1) lib/active_support/file_update_checker.rb:88:in `execute'
activerecord (8.1.1) lib/active_record/migration.rb:665:in `block in call'
activerecord (8.1.1) lib/active_record/migration.rb:657:in `synchronize'
activerecord (8.1.1) lib/active_record/migration.rb:657:in `call'
actionpack (8.1.1) lib/action_dispatch/middleware/callbacks.rb:31:in `block in call'
activesupport (8.1.1) lib/active_support/callbacks.rb:101:in `run_callbacks'
actionpack (8.1.1) lib/action_dispatch/middleware/callbacks.rb:30:in `call'
actionpack (8.1.1) lib/action_dispatch/middleware/executor.rb:20:in `call'
actionpack (8.1.1) lib/action_dispatch/middleware/actionable_exceptions.rb:18:in `call'
actionpack (8.1.1) lib/action_dispatch/middleware/debug_exceptions.rb:31:in `call'
web-console (4.2.1) lib/web_console/middleware.rb:132:in `call_app'
web-console (4.2.1) lib/web_console/middleware.rb:19:in `block in call'
web-console (4.2.1) lib/web_console/middleware.rb:17:in `catch'
web-console (4.2.1) lib/web_console/middleware.rb:17:in `call'
actionpack (8.1.1) lib/action_dispatch/middleware/show_exceptions.rb:32:in `call'
railties (8.1.1) lib/rails/rack/logger.rb:41:in `call_app'
railties (8.1.1) lib/rails/rack/logger.rb:29:in `call'
propshaft (1.3.1) lib/propshaft/quiet_assets.rb:11:in `call'
actionpack (8.1.1) lib/action_dispatch/middleware/remote_ip.rb:98:in `call'
actionpack (8.1.1) lib/action_dispatch/middleware/request_id.rb:34:in `call'
rack (3.2.3) lib/rack/method_override.rb:28:in `call'
rack (3.2.3) lib/rack/runtime.rb:24:in `call'
actionpack (8.1.1) lib/action_dispatch/middleware/server_timing.rb:61:in `block in call'
actionpack (8.1.1) lib/action_dispatch/middleware/server_timing.rb:26:in `collect_events'
actionpack (8.1.1) lib/action_dispatch/middleware/server_timing.rb:60:in `call'
actionpack (8.1.1) lib/action_dispatch/middleware/executor.rb:20:in `call'
propshaft (1.3.1) lib/propshaft/server.rb:37:in `call'
actionpack (8.1.1) lib/action_dispatch/middleware/static.rb:27:in `call'
rack (3.2.3) lib/rack/sendfile.rb:131:in `call'
actionpack (8.1.1) lib/action_dispatch/middleware/host_authorization.rb:143:in `call'
railties (8.1.1) lib/rails/engine.rb:534:in `call'
puma (7.1.0) lib/puma/configuration.rb:300:in `call'
puma (7.1.0) lib/puma/request.rb:101:in `block in handle_request'
puma (7.1.0) lib/puma/thread_pool.rb:355:in `with_force_shutdown'
puma (7.1.0) lib/puma/request.rb:100:in `handle_request'
puma (7.1.0) lib/puma/server.rb:503:in `process_client'
puma (7.1.0) lib/puma/server.rb:262:in `block in run'
puma (7.1.0) lib/puma/thread_pool.rb:182:in `block in spawn_thread'

Information for cause: Mysql2::Error (Unknown database 'app'):
  
mysql2 (0.5.7) lib/mysql2/client.rb:92:in `connect'
mysql2 (0.5.7) lib/mysql2/client.rb:92:in `initialize'
activerecord (8.1.1) lib/active_record/connection_adapters/mysql2_adapter.rb:26:in `new'
activerecord (8.1.1) lib/active_record/connection_adapters/mysql2_adapter.rb:26:in `new_client'
activerecord (8.1.1) lib/active_record/connection_adapters/mysql2_adapter.rb:144:in `connect'
activerecord (8.1.1) lib/active_record/connection_adapters/mysql2_adapter.rb:153:in `block in reconnect'
activesupport (8.1.1) lib/active_support/concurrency/null_lock.rb:9:in `synchronize'
activerecord (8.1.1) lib/active_record/connection_adapters/mysql2_adapter.rb:150:in `reconnect'
activerecord (8.1.1) lib/active_record/connection_adapters/abstract_adapter.rb:718:in `block in reconnect!'
activesupport (8.1.1) lib/active_support/concurrency/null_lock.rb:9:in `synchronize'
activerecord (8.1.1) lib/active_record/connection_adapters/abstract_adapter.rb:715:in `reconnect!'
activerecord (8.1.1) lib/active_record/connection_adapters/abstract_adapter.rb:825:in `block in verify!'
activesupport (8.1.1) lib/active_support/concurrency/null_lock.rb:9:in `synchronize'
activerecord (8.1.1) lib/active_record/connection_adapters/abstract_adapter.rb:814:in `verify!'
activerecord (8.1.1) lib/active_record/connection_adapters/abstract_adapter.rb:834:in `connect!'
activerecord (8.1.1) lib/active_record/connection_adapters/abstract_adapter.rb:1051:in `block in with_raw_connection'
activesupport (8.1.1) lib/active_support/concurrency/null_lock.rb:9:in `synchronize'
activerecord (8.1.1) lib/active_record/connection_adapters/abstract_adapter.rb:1050:in `with_raw_connection'
activerecord (8.1.1) lib/active_record/connection_adapters/abstract_mysql_adapter.rb:722:in `quote_string'
activerecord (8.1.1) lib/active_record/connection_adapters/abstract/quoting.rb:75:in `quote'
activerecord (8.1.1) lib/active_record/connection_adapters/mysql/schema_statements.rb:282:in `quoted_scope'
activerecord (8.1.1) lib/active_record/connection_adapters/mysql/schema_statements.rb:264:in `data_source_sql'
activerecord (8.1.1) lib/active_record/connection_adapters/abstract/schema_statements.rb:61:in `table_exists?'
activerecord (8.1.1) lib/active_record/schema_migration.rb:55:in `block in create_table'
activerecord (8.1.1) lib/active_record/connection_adapters/abstract/connection_pool.rb:463:in `with_connection'
activerecord (8.1.1) lib/active_record/schema_migration.rb:54:in `create_table'
activerecord (8.1.1) lib/active_record/migration.rb:1440:in `initialize'
activerecord (8.1.1) lib/active_record/migration.rb:1288:in `new'
activerecord (8.1.1) lib/active_record/migration.rb:1288:in `open'
activerecord (8.1.1) lib/active_record/migration.rb:763:in `block (2 levels) in pending_migrations'
activerecord (8.1.1) lib/active_record/migration/pending_migration_connection.rb:8:in `with_temporary_pool'
activerecord (8.1.1) lib/active_record/migration.rb:762:in `block in pending_migrations'
activerecord (8.1.1) lib/active_record/migration.rb:761:in `each'
activerecord (8.1.1) lib/active_record/migration.rb:761:in `pending_migrations'
activerecord (8.1.1) lib/active_record/migration.rb:740:in `check_pending_migrations'
activerecord (8.1.1) lib/active_record/migration.rb:660:in `block (2 levels) in call'
activesupport (8.1.1) lib/active_support/file_update_checker.rb:88:in `execute'
activerecord (8.1.1) lib/active_record/migration.rb:665:in `block in call'
activerecord (8.1.1) lib/active_record/migration.rb:657:in `synchronize'
activerecord (8.1.1) lib/active_record/migration.rb:657:in `call'
actionpack (8.1.1) lib/action_dispatch/middleware/callbacks.rb:31:in `block in call'
activesupport (8.1.1) lib/active_support/callbacks.rb:101:in `run_callbacks'
actionpack (8.1.1) lib/action_dispatch/middleware/callbacks.rb:30:in `call'
actionpack (8.1.1) lib/action_dispatch/middleware/executor.rb:20:in `call'
actionpack (8.1.1) lib/action_dispatch/middleware/actionable_exceptions.rb:18:in `call'
actionpack (8.1.1) lib/action_dispatch/middleware/debug_exceptions.rb:31:in `call'
web-console (4.2.1) lib/web_console/middleware.rb:132:in `call_app'
web-console (4.2.1) lib/web_console/middleware.rb:19:in `block in call'
web-console (4.2.1) lib/web_console/middleware.rb:17:in `catch'
web-console (4.2.1) lib/web_console/middleware.rb:17:in `call'
actionpack (8.1.1) lib/action_dispatch/middleware/show_exceptions.rb:32:in `call'
railties (8.1.1) lib/rails/rack/logger.rb:41:in `call_app'
railties (8.1.1) lib/rails/rack/logger.rb:29:in `call'
propshaft (1.3.1) lib/propshaft/quiet_assets.rb:11:in `call'
actionpack (8.1.1) lib/action_dispatch/middleware/remote_ip.rb:98:in `call'
actionpack (8.1.1) lib/action_dispatch/middleware/request_id.rb:34:in `call'
rack (3.2.3) lib/rack/method_override.rb:28:in `call'
rack (3.2.3) lib/rack/runtime.rb:24:in `call'
actionpack (8.1.1) lib/action_dispatch/middleware/server_timing.rb:61:in `block in call'
actionpack (8.1.1) lib/action_dispatch/middleware/server_timing.rb:26:in `collect_events'
actionpack (8.1.1) lib/action_dispatch/middleware/server_timing.rb:60:in `call'
actionpack (8.1.1) lib/action_dispatch/middleware/executor.rb:20:in `call'
propshaft (1.3.1) lib/propshaft/server.rb:37:in `call'
actionpack (8.1.1) lib/action_dispatch/middleware/static.rb:27:in `call'
rack (3.2.3) lib/rack/sendfile.rb:131:in `call'
actionpack (8.1.1) lib/action_dispatch/middleware/host_authorization.rb:143:in `call'
railties (8.1.1) lib/rails/engine.rb:534:in `call'
puma (7.1.0) lib/puma/configuration.rb:300:in `call'
puma (7.1.0) lib/puma/request.rb:101:in `block in handle_request'
puma (7.1.0) lib/puma/thread_pool.rb:355:in `with_force_shutdown'
puma (7.1.0) lib/puma/request.rb:100:in `handle_request'
puma (7.1.0) lib/puma/server.rb:503:in `process_client'
puma (7.1.0) lib/puma/server.rb:262:in `block in run'
puma (7.1.0) lib/puma/thread_pool.rb:182:in `block in spawn_thread'
Started GET "/" for 172.21.0.1 at 2025-10-29 07:05:13 +0000
Cannot render console from 172.21.0.1! Allowed networks: 127.0.0.0/127.255.255.255, ::1
  
ActiveRecord::NoDatabaseError (Database not found: app. Available database configurations can be found in config/database.yml.

To resolve this error:

- Create the database by running:

    bin/rails db:create

- Verify that config/database.yml contains the correct database name.
)
Caused by: Mysql2::Error (Unknown database 'app')

Information for: ActiveRecord::NoDatabaseError (Database not found: app. Available database configurations can be found in config/database.yml.

To resolve this error:

- Create the database by running:

    bin/rails db:create

- Verify that config/database.yml contains the correct database name.
):
  
activerecord (8.1.1) lib/active_record/connection_adapters/mysql2_adapter.rb:30:in `rescue in new_client'
activerecord (8.1.1) lib/active_record/connection_adapters/mysql2_adapter.rb:25:in `new_client'
activerecord (8.1.1) lib/active_record/connection_adapters/mysql2_adapter.rb:144:in `connect'
activerecord (8.1.1) lib/active_record/connection_adapters/mysql2_adapter.rb:153:in `block in reconnect'
activesupport (8.1.1) lib/active_support/concurrency/null_lock.rb:9:in `synchronize'
activerecord (8.1.1) lib/active_record/connection_adapters/mysql2_adapter.rb:150:in `reconnect'
activerecord (8.1.1) lib/active_record/connection_adapters/abstract_adapter.rb:718:in `block in reconnect!'
activesupport (8.1.1) lib/active_support/concurrency/null_lock.rb:9:in `synchronize'
activerecord (8.1.1) lib/active_record/connection_adapters/abstract_adapter.rb:715:in `reconnect!'
activerecord (8.1.1) lib/active_record/connection_adapters/abstract_adapter.rb:825:in `block in verify!'
activesupport (8.1.1) lib/active_support/concurrency/null_lock.rb:9:in `synchronize'
activerecord (8.1.1) lib/active_record/connection_adapters/abstract_adapter.rb:814:in `verify!'
activerecord (8.1.1) lib/active_record/connection_adapters/abstract_adapter.rb:834:in `connect!'
activerecord (8.1.1) lib/active_record/connection_adapters/abstract_adapter.rb:1051:in `block in with_raw_connection'
activesupport (8.1.1) lib/active_support/concurrency/null_lock.rb:9:in `synchronize'
activerecord (8.1.1) lib/active_record/connection_adapters/abstract_adapter.rb:1050:in `with_raw_connection'
activerecord (8.1.1) lib/active_record/connection_adapters/abstract_mysql_adapter.rb:722:in `quote_string'
activerecord (8.1.1) lib/active_record/connection_adapters/abstract/quoting.rb:75:in `quote'
activerecord (8.1.1) lib/active_record/connection_adapters/mysql/schema_statements.rb:282:in `quoted_scope'
activerecord (8.1.1) lib/active_record/connection_adapters/mysql/schema_statements.rb:264:in `data_source_sql'
activerecord (8.1.1) lib/active_record/connection_adapters/abstract/schema_statements.rb:61:in `table_exists?'
activerecord (8.1.1) lib/active_record/schema_migration.rb:55:in `block in create_table'
activerecord (8.1.1) lib/active_record/connection_adapters/abstract/connection_pool.rb:463:in `with_connection'
activerecord (8.1.1) lib/active_record/schema_migration.rb:54:in `create_table'
activerecord (8.1.1) lib/active_record/migration.rb:1440:in `initialize'
activerecord (8.1.1) lib/active_record/migration.rb:1288:in `new'
activerecord (8.1.1) lib/active_record/migration.rb:1288:in `open'
activerecord (8.1.1) lib/active_record/migration.rb:763:in `block (2 levels) in pending_migrations'
activerecord (8.1.1) lib/active_record/migration/pending_migration_connection.rb:8:in `with_temporary_pool'
activerecord (8.1.1) lib/active_record/migration.rb:762:in `block in pending_migrations'
activerecord (8.1.1) lib/active_record/migration.rb:761:in `each'
activerecord (8.1.1) lib/active_record/migration.rb:761:in `pending_migrations'
activerecord (8.1.1) lib/active_record/migration.rb:740:in `check_pending_migrations'
activerecord (8.1.1) lib/active_record/migration.rb:660:in `block (2 levels) in call'
activesupport (8.1.1) lib/active_support/file_update_checker.rb:88:in `execute'
activerecord (8.1.1) lib/active_record/migration.rb:665:in `block in call'
activerecord (8.1.1) lib/active_record/migration.rb:657:in `synchronize'
activerecord (8.1.1) lib/active_record/migration.rb:657:in `call'
actionpack (8.1.1) lib/action_dispatch/middleware/callbacks.rb:31:in `block in call'
activesupport (8.1.1) lib/active_support/callbacks.rb:101:in `run_callbacks'
actionpack (8.1.1) lib/action_dispatch/middleware/callbacks.rb:30:in `call'
actionpack (8.1.1) lib/action_dispatch/middleware/executor.rb:20:in `call'
actionpack (8.1.1) lib/action_dispatch/middleware/actionable_exceptions.rb:18:in `call'
actionpack (8.1.1) lib/action_dispatch/middleware/debug_exceptions.rb:31:in `call'
web-console (4.2.1) lib/web_console/middleware.rb:132:in `call_app'
web-console (4.2.1) lib/web_console/middleware.rb:19:in `block in call'
web-console (4.2.1) lib/web_console/middleware.rb:17:in `catch'
web-console (4.2.1) lib/web_console/middleware.rb:17:in `call'
actionpack (8.1.1) lib/action_dispatch/middleware/show_exceptions.rb:32:in `call'
railties (8.1.1) lib/rails/rack/logger.rb:41:in `call_app'
railties (8.1.1) lib/rails/rack/logger.rb:29:in `call'
propshaft (1.3.1) lib/propshaft/quiet_assets.rb:11:in `call'
actionpack (8.1.1) lib/action_dispatch/middleware/remote_ip.rb:98:in `call'
actionpack (8.1.1) lib/action_dispatch/middleware/request_id.rb:34:in `call'
rack (3.2.3) lib/rack/method_override.rb:28:in `call'
rack (3.2.3) lib/rack/runtime.rb:24:in `call'
actionpack (8.1.1) lib/action_dispatch/middleware/server_timing.rb:61:in `block in call'
actionpack (8.1.1) lib/action_dispatch/middleware/server_timing.rb:26:in `collect_events'
actionpack (8.1.1) lib/action_dispatch/middleware/server_timing.rb:60:in `call'
actionpack (8.1.1) lib/action_dispatch/middleware/executor.rb:20:in `call'
propshaft (1.3.1) lib/propshaft/server.rb:37:in `call'
actionpack (8.1.1) lib/action_dispatch/middleware/static.rb:27:in `call'
rack (3.2.3) lib/rack/sendfile.rb:131:in `call'
actionpack (8.1.1) lib/action_dispatch/middleware/host_authorization.rb:143:in `call'
railties (8.1.1) lib/rails/engine.rb:534:in `call'
puma (7.1.0) lib/puma/configuration.rb:300:in `call'
puma (7.1.0) lib/puma/request.rb:101:in `block in handle_request'
puma (7.1.0) lib/puma/thread_pool.rb:355:in `with_force_shutdown'
puma (7.1.0) lib/puma/request.rb:100:in `handle_request'
puma (7.1.0) lib/puma/server.rb:503:in `process_client'
puma (7.1.0) lib/puma/server.rb:262:in `block in run'
puma (7.1.0) lib/puma/thread_pool.rb:182:in `block in spawn_thread'

Information for cause: Mysql2::Error (Unknown database 'app'):
  
mysql2 (0.5.7) lib/mysql2/client.rb:92:in `connect'
mysql2 (0.5.7) lib/mysql2/client.rb:92:in `initialize'
activerecord (8.1.1) lib/active_record/connection_adapters/mysql2_adapter.rb:26:in `new'
activerecord (8.1.1) lib/active_record/connection_adapters/mysql2_adapter.rb:26:in `new_client'
activerecord (8.1.1) lib/active_record/connection_adapters/mysql2_adapter.rb:144:in `connect'
activerecord (8.1.1) lib/active_record/connection_adapters/mysql2_adapter.rb:153:in `block in reconnect'
activesupport (8.1.1) lib/active_support/concurrency/null_lock.rb:9:in `synchronize'
activerecord (8.1.1) lib/active_record/connection_adapters/mysql2_adapter.rb:150:in `reconnect'
activerecord (8.1.1) lib/active_record/connection_adapters/abstract_adapter.rb:718:in `block in reconnect!'
activesupport (8.1.1) lib/active_support/concurrency/null_lock.rb:9:in `synchronize'
activerecord (8.1.1) lib/active_record/connection_adapters/abstract_adapter.rb:715:in `reconnect!'
activerecord (8.1.1) lib/active_record/connection_adapters/abstract_adapter.rb:825:in `block in verify!'
activesupport (8.1.1) lib/active_support/concurrency/null_lock.rb:9:in `synchronize'
activerecord (8.1.1) lib/active_record/connection_adapters/abstract_adapter.rb:814:in `verify!'
activerecord (8.1.1) lib/active_record/connection_adapters/abstract_adapter.rb:834:in `connect!'
activerecord (8.1.1) lib/active_record/connection_adapters/abstract_adapter.rb:1051:in `block in with_raw_connection'
activesupport (8.1.1) lib/active_support/concurrency/null_lock.rb:9:in `synchronize'
activerecord (8.1.1) lib/active_record/connection_adapters/abstract_adapter.rb:1050:in `with_raw_connection'
activerecord (8.1.1) lib/active_record/connection_adapters/abstract_mysql_adapter.rb:722:in `quote_string'
activerecord (8.1.1) lib/active_record/connection_adapters/abstract/quoting.rb:75:in `quote'
activerecord (8.1.1) lib/active_record/connection_adapters/mysql/schema_statements.rb:282:in `quoted_scope'
activerecord (8.1.1) lib/active_record/connection_adapters/mysql/schema_statements.rb:264:in `data_source_sql'
activerecord (8.1.1) lib/active_record/connection_adapters/abstract/schema_statements.rb:61:in `table_exists?'
activerecord (8.1.1) lib/active_record/schema_migration.rb:55:in `block in create_table'
activerecord (8.1.1) lib/active_record/connection_adapters/abstract/connection_pool.rb:463:in `with_connection'
activerecord (8.1.1) lib/active_record/schema_migration.rb:54:in `create_table'
activerecord (8.1.1) lib/active_record/migration.rb:1440:in `initialize'
activerecord (8.1.1) lib/active_record/migration.rb:1288:in `new'
activerecord (8.1.1) lib/active_record/migration.rb:1288:in `open'
activerecord (8.1.1) lib/active_record/migration.rb:763:in `block (2 levels) in pending_migrations'
activerecord (8.1.1) lib/active_record/migration/pending_migration_connection.rb:8:in `with_temporary_pool'
activerecord (8.1.1) lib/active_record/migration.rb:762:in `block in pending_migrations'
activerecord (8.1.1) lib/active_record/migration.rb:761:in `each'
activerecord (8.1.1) lib/active_record/migration.rb:761:in `pending_migrations'
activerecord (8.1.1) lib/active_record/migration.rb:740:in `check_pending_migrations'
activerecord (8.1.1) lib/active_record/migration.rb:660:in `block (2 levels) in call'
activesupport (8.1.1) lib/active_support/file_update_checker.rb:88:in `execute'
activerecord (8.1.1) lib/active_record/migration.rb:665:in `block in call'
activerecord (8.1.1) lib/active_record/migration.rb:657:in `synchronize'
activerecord (8.1.1) lib/active_record/migration.rb:657:in `call'
actionpack (8.1.1) lib/action_dispatch/middleware/callbacks.rb:31:in `block in call'
activesupport (8.1.1) lib/active_support/callbacks.rb:101:in `run_callbacks'
actionpack (8.1.1) lib/action_dispatch/middleware/callbacks.rb:30:in `call'
actionpack (8.1.1) lib/action_dispatch/middleware/executor.rb:20:in `call'
actionpack (8.1.1) lib/action_dispatch/middleware/actionable_exceptions.rb:18:in `call'
actionpack (8.1.1) lib/action_dispatch/middleware/debug_exceptions.rb:31:in `call'
web-console (4.2.1) lib/web_console/middleware.rb:132:in `call_app'
web-console (4.2.1) lib/web_console/middleware.rb:19:in `block in call'
web-console (4.2.1) lib/web_console/middleware.rb:17:in `catch'
web-console (4.2.1) lib/web_console/middleware.rb:17:in `call'
actionpack (8.1.1) lib/action_dispatch/middleware/show_exceptions.rb:32:in `call'
railties (8.1.1) lib/rails/rack/logger.rb:41:in `call_app'
railties (8.1.1) lib/rails/rack/logger.rb:29:in `call'
propshaft (1.3.1) lib/propshaft/quiet_assets.rb:11:in `call'
actionpack (8.1.1) lib/action_dispatch/middleware/remote_ip.rb:98:in `call'
actionpack (8.1.1) lib/action_dispatch/middleware/request_id.rb:34:in `call'
rack (3.2.3) lib/rack/method_override.rb:28:in `call'
rack (3.2.3) lib/rack/runtime.rb:24:in `call'
actionpack (8.1.1) lib/action_dispatch/middleware/server_timing.rb:61:in `block in call'
actionpack (8.1.1) lib/action_dispatch/middleware/server_timing.rb:26:in `collect_events'
actionpack (8.1.1) lib/action_dispatch/middleware/server_timing.rb:60:in `call'
actionpack (8.1.1) lib/action_dispatch/middleware/executor.rb:20:in `call'
propshaft (1.3.1) lib/propshaft/server.rb:37:in `call'
actionpack (8.1.1) lib/action_dispatch/middleware/static.rb:27:in `call'
rack (3.2.3) lib/rack/sendfile.rb:131:in `call'
actionpack (8.1.1) lib/action_dispatch/middleware/host_authorization.rb:143:in `call'
railties (8.1.1) lib/rails/engine.rb:534:in `call'
puma (7.1.0) lib/puma/configuration.rb:300:in `call'
puma (7.1.0) lib/puma/request.rb:101:in `block in handle_request'
puma (7.1.0) lib/puma/thread_pool.rb:355:in `with_force_shutdown'
puma (7.1.0) lib/puma/request.rb:100:in `handle_request'
puma (7.1.0) lib/puma/server.rb:503:in `process_client'
puma (7.1.0) lib/puma/server.rb:262:in `block in run'
puma (7.1.0) lib/puma/thread_pool.rb:182:in `block in spawn_thread'
Started GET "/favicon.ico" for 172.21.0.1 at 2025-10-29 07:05:13 +0000
Cannot render console from 172.21.0.1! Allowed networks: 127.0.0.0/127.255.255.255, ::1
  
ActiveRecord::NoDatabaseError (Database not found: app. Available database configurations can be found in config/database.yml.

To resolve this error:

- Create the database by running:

    bin/rails db:create

- Verify that config/database.yml contains the correct database name.
)
Caused by: Mysql2::Error (Unknown database 'app')

Information for: ActiveRecord::NoDatabaseError (Database not found: app. Available database configurations can be found in config/database.yml.

To resolve this error:

- Create the database by running:

    bin/rails db:create

- Verify that config/database.yml contains the correct database name.
):
  
activerecord (8.1.1) lib/active_record/connection_adapters/mysql2_adapter.rb:30:in `rescue in new_client'
activerecord (8.1.1) lib/active_record/connection_adapters/mysql2_adapter.rb:25:in `new_client'
activerecord (8.1.1) lib/active_record/connection_adapters/mysql2_adapter.rb:144:in `connect'
activerecord (8.1.1) lib/active_record/connection_adapters/mysql2_adapter.rb:153:in `block in reconnect'
activesupport (8.1.1) lib/active_support/concurrency/null_lock.rb:9:in `synchronize'
activerecord (8.1.1) lib/active_record/connection_adapters/mysql2_adapter.rb:150:in `reconnect'
activerecord (8.1.1) lib/active_record/connection_adapters/abstract_adapter.rb:718:in `block in reconnect!'
activesupport (8.1.1) lib/active_support/concurrency/null_lock.rb:9:in `synchronize'
activerecord (8.1.1) lib/active_record/connection_adapters/abstract_adapter.rb:715:in `reconnect!'
activerecord (8.1.1) lib/active_record/connection_adapters/abstract_adapter.rb:825:in `block in verify!'
activesupport (8.1.1) lib/active_support/concurrency/null_lock.rb:9:in `synchronize'
activerecord (8.1.1) lib/active_record/connection_adapters/abstract_adapter.rb:814:in `verify!'
activerecord (8.1.1) lib/active_record/connection_adapters/abstract_adapter.rb:834:in `connect!'
activerecord (8.1.1) lib/active_record/connection_adapters/abstract_adapter.rb:1051:in `block in with_raw_connection'
activesupport (8.1.1) lib/active_support/concurrency/null_lock.rb:9:in `synchronize'
activerecord (8.1.1) lib/active_record/connection_adapters/abstract_adapter.rb:1050:in `with_raw_connection'
activerecord (8.1.1) lib/active_record/connection_adapters/abstract_mysql_adapter.rb:722:in `quote_string'
activerecord (8.1.1) lib/active_record/connection_adapters/abstract/quoting.rb:75:in `quote'
activerecord (8.1.1) lib/active_record/connection_adapters/mysql/schema_statements.rb:282:in `quoted_scope'
activerecord (8.1.1) lib/active_record/connection_adapters/mysql/schema_statements.rb:264:in `data_source_sql'
activerecord (8.1.1) lib/active_record/connection_adapters/abstract/schema_statements.rb:61:in `table_exists?'
activerecord (8.1.1) lib/active_record/schema_migration.rb:55:in `block in create_table'
activerecord (8.1.1) lib/active_record/connection_adapters/abstract/connection_pool.rb:463:in `with_connection'
activerecord (8.1.1) lib/active_record/schema_migration.rb:54:in `create_table'
activerecord (8.1.1) lib/active_record/migration.rb:1440:in `initialize'
activerecord (8.1.1) lib/active_record/migration.rb:1288:in `new'
activerecord (8.1.1) lib/active_record/migration.rb:1288:in `open'
activerecord (8.1.1) lib/active_record/migration.rb:763:in `block (2 levels) in pending_migrations'
activerecord (8.1.1) lib/active_record/migration/pending_migration_connection.rb:8:in `with_temporary_pool'
activerecord (8.1.1) lib/active_record/migration.rb:762:in `block in pending_migrations'
activerecord (8.1.1) lib/active_record/migration.rb:761:in `each'
activerecord (8.1.1) lib/active_record/migration.rb:761:in `pending_migrations'
activerecord (8.1.1) lib/active_record/migration.rb:740:in `check_pending_migrations'
activerecord (8.1.1) lib/active_record/migration.rb:660:in `block (2 levels) in call'
activesupport (8.1.1) lib/active_support/file_update_checker.rb:88:in `execute'
activerecord (8.1.1) lib/active_record/migration.rb:665:in `block in call'
activerecord (8.1.1) lib/active_record/migration.rb:657:in `synchronize'
activerecord (8.1.1) lib/active_record/migration.rb:657:in `call'
actionpack (8.1.1) lib/action_dispatch/middleware/callbacks.rb:31:in `block in call'
activesupport (8.1.1) lib/active_support/callbacks.rb:101:in `run_callbacks'
actionpack (8.1.1) lib/action_dispatch/middleware/callbacks.rb:30:in `call'
actionpack (8.1.1) lib/action_dispatch/middleware/executor.rb:20:in `call'
actionpack (8.1.1) lib/action_dispatch/middleware/actionable_exceptions.rb:18:in `call'
actionpack (8.1.1) lib/action_dispatch/middleware/debug_exceptions.rb:31:in `call'
web-console (4.2.1) lib/web_console/middleware.rb:132:in `call_app'
web-console (4.2.1) lib/web_console/middleware.rb:19:in `block in call'
web-console (4.2.1) lib/web_console/middleware.rb:17:in `catch'
web-console (4.2.1) lib/web_console/middleware.rb:17:in `call'
actionpack (8.1.1) lib/action_dispatch/middleware/show_exceptions.rb:32:in `call'
railties (8.1.1) lib/rails/rack/logger.rb:41:in `call_app'
railties (8.1.1) lib/rails/rack/logger.rb:29:in `call'
propshaft (1.3.1) lib/propshaft/quiet_assets.rb:11:in `call'
actionpack (8.1.1) lib/action_dispatch/middleware/remote_ip.rb:98:in `call'
actionpack (8.1.1) lib/action_dispatch/middleware/request_id.rb:34:in `call'
rack (3.2.3) lib/rack/method_override.rb:28:in `call'
rack (3.2.3) lib/rack/runtime.rb:24:in `call'
actionpack (8.1.1) lib/action_dispatch/middleware/server_timing.rb:61:in `block in call'
actionpack (8.1.1) lib/action_dispatch/middleware/server_timing.rb:26:in `collect_events'
actionpack (8.1.1) lib/action_dispatch/middleware/server_timing.rb:60:in `call'
actionpack (8.1.1) lib/action_dispatch/middleware/executor.rb:20:in `call'
propshaft (1.3.1) lib/propshaft/server.rb:37:in `call'
actionpack (8.1.1) lib/action_dispatch/middleware/static.rb:27:in `call'
rack (3.2.3) lib/rack/sendfile.rb:131:in `call'
actionpack (8.1.1) lib/action_dispatch/middleware/host_authorization.rb:143:in `call'
railties (8.1.1) lib/rails/engine.rb:534:in `call'
puma (7.1.0) lib/puma/configuration.rb:300:in `call'
puma (7.1.0) lib/puma/request.rb:101:in `block in handle_request'
puma (7.1.0) lib/puma/thread_pool.rb:355:in `with_force_shutdown'
puma (7.1.0) lib/puma/request.rb:100:in `handle_request'
puma (7.1.0) lib/puma/server.rb:503:in `process_client'
puma (7.1.0) lib/puma/server.rb:262:in `block in run'
puma (7.1.0) lib/puma/thread_pool.rb:182:in `block in spawn_thread'

Information for cause: Mysql2::Error (Unknown database 'app'):
  
mysql2 (0.5.7) lib/mysql2/client.rb:92:in `connect'
mysql2 (0.5.7) lib/mysql2/client.rb:92:in `initialize'
activerecord (8.1.1) lib/active_record/connection_adapters/mysql2_adapter.rb:26:in `new'
activerecord (8.1.1) lib/active_record/connection_adapters/mysql2_adapter.rb:26:in `new_client'
activerecord (8.1.1) lib/active_record/connection_adapters/mysql2_adapter.rb:144:in `connect'
activerecord (8.1.1) lib/active_record/connection_adapters/mysql2_adapter.rb:153:in `block in reconnect'
activesupport (8.1.1) lib/active_support/concurrency/null_lock.rb:9:in `synchronize'
activerecord (8.1.1) lib/active_record/connection_adapters/mysql2_adapter.rb:150:in `reconnect'
activerecord (8.1.1) lib/active_record/connection_adapters/abstract_adapter.rb:718:in `block in reconnect!'
activesupport (8.1.1) lib/active_support/concurrency/null_lock.rb:9:in `synchronize'
activerecord (8.1.1) lib/active_record/connection_adapters/abstract_adapter.rb:715:in `reconnect!'
activerecord (8.1.1) lib/active_record/connection_adapters/abstract_adapter.rb:825:in `block in verify!'
activesupport (8.1.1) lib/active_support/concurrency/null_lock.rb:9:in `synchronize'
activerecord (8.1.1) lib/active_record/connection_adapters/abstract_adapter.rb:814:in `verify!'
activerecord (8.1.1) lib/active_record/connection_adapters/abstract_adapter.rb:834:in `connect!'
activerecord (8.1.1) lib/active_record/connection_adapters/abstract_adapter.rb:1051:in `block in with_raw_connection'
activesupport (8.1.1) lib/active_support/concurrency/null_lock.rb:9:in `synchronize'
activerecord (8.1.1) lib/active_record/connection_adapters/abstract_adapter.rb:1050:in `with_raw_connection'
activerecord (8.1.1) lib/active_record/connection_adapters/abstract_mysql_adapter.rb:722:in `quote_string'
activerecord (8.1.1) lib/active_record/connection_adapters/abstract/quoting.rb:75:in `quote'
activerecord (8.1.1) lib/active_record/connection_adapters/mysql/schema_statements.rb:282:in `quoted_scope'
activerecord (8.1.1) lib/active_record/connection_adapters/mysql/schema_statements.rb:264:in `data_source_sql'
activerecord (8.1.1) lib/active_record/connection_adapters/abstract/schema_statements.rb:61:in `table_exists?'
activerecord (8.1.1) lib/active_record/schema_migration.rb:55:in `block in create_table'
activerecord (8.1.1) lib/active_record/connection_adapters/abstract/connection_pool.rb:463:in `with_connection'
activerecord (8.1.1) lib/active_record/schema_migration.rb:54:in `create_table'
activerecord (8.1.1) lib/active_record/migration.rb:1440:in `initialize'
activerecord (8.1.1) lib/active_record/migration.rb:1288:in `new'
activerecord (8.1.1) lib/active_record/migration.rb:1288:in `open'
activerecord (8.1.1) lib/active_record/migration.rb:763:in `block (2 levels) in pending_migrations'
activerecord (8.1.1) lib/active_record/migration/pending_migration_connection.rb:8:in `with_temporary_pool'
activerecord (8.1.1) lib/active_record/migration.rb:762:in `block in pending_migrations'
activerecord (8.1.1) lib/active_record/migration.rb:761:in `each'
activerecord (8.1.1) lib/active_record/migration.rb:761:in `pending_migrations'
activerecord (8.1.1) lib/active_record/migration.rb:740:in `check_pending_migrations'
activerecord (8.1.1) lib/active_record/migration.rb:660:in `block (2 levels) in call'
activesupport (8.1.1) lib/active_support/file_update_checker.rb:88:in `execute'
activerecord (8.1.1) lib/active_record/migration.rb:665:in `block in call'
activerecord (8.1.1) lib/active_record/migration.rb:657:in `synchronize'
activerecord (8.1.1) lib/active_record/migration.rb:657:in `call'
actionpack (8.1.1) lib/action_dispatch/middleware/callbacks.rb:31:in `block in call'
activesupport (8.1.1) lib/active_support/callbacks.rb:101:in `run_callbacks'
actionpack (8.1.1) lib/action_dispatch/middleware/callbacks.rb:30:in `call'
actionpack (8.1.1) lib/action_dispatch/middleware/executor.rb:20:in `call'
actionpack (8.1.1) lib/action_dispatch/middleware/actionable_exceptions.rb:18:in `call'
actionpack (8.1.1) lib/action_dispatch/middleware/debug_exceptions.rb:31:in `call'
web-console (4.2.1) lib/web_console/middleware.rb:132:in `call_app'
web-console (4.2.1) lib/web_console/middleware.rb:19:in `block in call'
web-console (4.2.1) lib/web_console/middleware.rb:17:in `catch'
web-console (4.2.1) lib/web_console/middleware.rb:17:in `call'
actionpack (8.1.1) lib/action_dispatch/middleware/show_exceptions.rb:32:in `call'
railties (8.1.1) lib/rails/rack/logger.rb:41:in `call_app'
railties (8.1.1) lib/rails/rack/logger.rb:29:in `call'
propshaft (1.3.1) lib/propshaft/quiet_assets.rb:11:in `call'
actionpack (8.1.1) lib/action_dispatch/middleware/remote_ip.rb:98:in `call'
actionpack (8.1.1) lib/action_dispatch/middleware/request_id.rb:34:in `call'
rack (3.2.3) lib/rack/method_override.rb:28:in `call'
rack (3.2.3) lib/rack/runtime.rb:24:in `call'
actionpack (8.1.1) lib/action_dispatch/middleware/server_timing.rb:61:in `block in call'
actionpack (8.1.1) lib/action_dispatch/middleware/server_timing.rb:26:in `collect_events'
actionpack (8.1.1) lib/action_dispatch/middleware/server_timing.rb:60:in `call'
actionpack (8.1.1) lib/action_dispatch/middleware/executor.rb:20:in `call'
propshaft (1.3.1) lib/propshaft/server.rb:37:in `call'
actionpack (8.1.1) lib/action_dispatch/middleware/static.rb:27:in `call'
rack (3.2.3) lib/rack/sendfile.rb:131:in `call'
actionpack (8.1.1) lib/action_dispatch/middleware/host_authorization.rb:143:in `call'
railties (8.1.1) lib/rails/engine.rb:534:in `call'
puma (7.1.0) lib/puma/configuration.rb:300:in `call'
puma (7.1.0) lib/puma/request.rb:101:in `block in handle_request'
puma (7.1.0) lib/puma/thread_pool.rb:355:in `with_force_shutdown'
puma (7.1.0) lib/puma/request.rb:100:in `handle_request'
puma (7.1.0) lib/puma/server.rb:503:in `process_client'
puma (7.1.0) lib/puma/server.rb:262:in `block in run'
puma (7.1.0) lib/puma/thread_pool.rb:182:in `block in spawn_thread'
Started GET "/" for 172.21.0.1 at 2025-10-29 07:07:57 +0000
Cannot render console from 172.21.0.1! Allowed networks: 127.0.0.0/127.255.255.255, ::1
  [1m[35m (21.1ms)[0m  [1m[35mCREATE TABLE `schema_migrations` (`version` varchar(255) NOT NULL PRIMARY KEY) /*application='App'*/[0m
  [1m[35m (19.8ms)[0m  [1m[35mCREATE TABLE `ar_internal_metadata` (`key` varchar(255) NOT NULL PRIMARY KEY, `value` varchar(255), `created_at` datetime(6) NOT NULL, `updated_at` datetime(6) NOT NULL) /*application='App'*/[0m
  [1m[36mActiveRecord::SchemaMigration Load (6.9ms)[0m  [1m[34mSELECT `schema_migrations`.`version` FROM `schema_migrations` ORDER BY `schema_migrations`.`version` ASC /*application='App'*/[0m
Processing by Rails::WelcomeController#index as HTML
  Rendering /usr/local/bundle/gems/railties-8.1.1/lib/rails/templates/rails/welcome/index.html.erb
  Rendered /usr/local/bundle/gems/railties-8.1.1/lib/rails/templates/rails/welcome/index.html.erb (Duration: 0.6ms | GC: 0.2ms)
Completed 200 OK in 8ms (Views: 2.3ms | ActiveRecord: 0.0ms (0 queries, 0 cached) | GC: 0.5ms)


Started GET "/" for 172.21.0.1 at 2025-10-29 07:08:04 +0000
Cannot render console from 172.21.0.1! Allowed networks: 127.0.0.0/127.255.255.255, ::1
Processing by Rails::WelcomeController#index as HTML
  Rendering /usr/local/bundle/gems/railties-8.1.1/lib/rails/templates/rails/welcome/index.html.erb
  Rendered /usr/local/bundle/gems/railties-8.1.1/lib/rails/templates/rails/welcome/index.html.erb (Duration: 0.1ms | GC: 0.0ms)
Completed 200 OK in 1ms (Views: 0.5ms | ActiveRecord: 0.0ms (0 queries, 0 cached) | GC: 0.0ms)


  [1m[36mActiveRecord::SchemaMigration Load (0.5ms)[0m  [1m[34mSELECT `schema_migrations`.`version` FROM `schema_migrations` ORDER BY `schema_migrations`.`version` ASC /*application='App'*/[0m
  [1m[35m (0.2ms)[0m  [1m[34mSELECT GET_LOCK('5738605063271367315', 0) /*application='App'*/[0m
  [1m[36mActiveRecord::SchemaMigration Load (7.2ms)[0m  [1m[34mSELECT `schema_migrations`.`version` FROM `schema_migrations` ORDER BY `schema_migrations`.`version` ASC /*application='App'*/[0m
  [1m[36mActiveRecord::InternalMetadata Load (0.7ms)[0m  [1m[34mSELECT * FROM `ar_internal_metadata` WHERE `ar_internal_metadata`.`key` = 'environment' ORDER BY `ar_internal_metadata`.`key` ASC LIMIT 1 /*application='App'*/[0m
  [1m[36mActiveRecord::InternalMetadata Create (6.2ms)[0m  [1m[32mINSERT INTO `ar_internal_metadata` (`key`, `value`, `created_at`, `updated_at`) VALUES ('environment', 'development', '2025-10-29 07:41:48.927494', '2025-10-29 07:41:48.927497') /*application='App'*/[0m
Migrating to CreateTeams (20251029071331)
  [1m[35m (20.0ms)[0m  [1m[35mCREATE TABLE `teams` (`id` bigint NOT NULL AUTO_INCREMENT PRIMARY KEY, `name` varchar(255), `max_member` int, `created_at` datetime(6) NOT NULL, `updated_at` datetime(6) NOT NULL) /*application='App'*/[0m
  [1m[36mActiveRecord::SchemaMigration Create (2.4ms)[0m  [1m[32mINSERT INTO `schema_migrations` (`version`) VALUES ('20251029071331') /*application='App'*/[0m
Migrating to CreateUsers (20251029071444)
  [1m[35m (27.0ms)[0m  [1m[35mCREATE TABLE `users` (`id` bigint NOT NULL AUTO_INCREMENT PRIMARY KEY, `name` varchar(255), `email` varchar(255), `avatar` varchar(255), `phone_number` varchar(13), `team_id` bigint NOT NULL, `role` int, `created_at` datetime(6) NOT NULL, `updated_at` datetime(6) NOT NULL, INDEX `index_users_on_team_id` (`team_id`), CONSTRAINT `fk_rails_b2bbf87303`
FOREIGN KEY (`team_id`)
  REFERENCES `teams` (`id`)
) /*application='App'*/[0m
  [1m[36mActiveRecord::SchemaMigration Create (2.4ms)[0m  [1m[32mINSERT INTO `schema_migrations` (`version`) VALUES ('20251029071444') /*application='App'*/[0m
  [1m[35m (0.2ms)[0m  [1m[34mSELECT RELEASE_LOCK('5738605063271367315') /*application='App'*/[0m
  [1m[36mActiveRecord::SchemaMigration Load (0.2ms)[0m  [1m[34mSELECT `schema_migrations`.`version` FROM `schema_migrations` ORDER BY `schema_migrations`.`version` ASC /*application='App'*/[0m
Started GET "/" for 172.21.0.1 at 2025-10-29 07:42:32 +0000
Cannot render console from 172.21.0.1! Allowed networks: 127.0.0.0/127.255.255.255, ::1
  [1m[36mActiveRecord::SchemaMigration Load (0.3ms)[0m  [1m[34mSELECT `schema_migrations`.`version` FROM `schema_migrations` ORDER BY `schema_migrations`.`version` ASC /*application='App'*/[0m
Processing by Rails::WelcomeController#index as HTML
  Rendering /usr/local/bundle/gems/railties-8.1.1/lib/rails/templates/rails/welcome/index.html.erb
  Rendered /usr/local/bundle/gems/railties-8.1.1/lib/rails/templates/rails/welcome/index.html.erb (Duration: 1.8ms | GC: 0.0ms)
Completed 200 OK in 8ms (Views: 5.8ms | ActiveRecord: 0.0ms (0 queries, 0 cached) | GC: 0.0ms)


Started GET "/" for 172.21.0.1 at 2025-10-29 07:43:36 +0000
Cannot render console from 172.21.0.1! Allowed networks: 127.0.0.0/127.255.255.255, ::1
Processing by Rails::WelcomeController#index as HTML
  Rendering /usr/local/bundle/gems/railties-8.1.1/lib/rails/templates/rails/welcome/index.html.erb
  Rendered /usr/local/bundle/gems/railties-8.1.1/lib/rails/templates/rails/welcome/index.html.erb (Duration: 0.5ms | GC: 0.0ms)
Completed 200 OK in 2ms (Views: 1.3ms | ActiveRecord: 0.0ms (0 queries, 0 cached) | GC: 0.0ms)


Started GET "/" for 172.21.0.1 at 2025-10-29 07:43:38 +0000
Cannot render console from 172.21.0.1! Allowed networks: 127.0.0.0/127.255.255.255, ::1
Processing by Rails::WelcomeController#index as HTML
  Rendering /usr/local/bundle/gems/railties-8.1.1/lib/rails/templates/rails/welcome/index.html.erb
  Rendered /usr/local/bundle/gems/railties-8.1.1/lib/rails/templates/rails/welcome/index.html.erb (Duration: 0.1ms | GC: 0.0ms)
Completed 200 OK in 1ms (Views: 0.6ms | ActiveRecord: 0.0ms (0 queries, 0 cached) | GC: 0.0ms)


Started GET "/" for 172.21.0.1 at 2025-10-29 07:43:39 +0000
Cannot render console from 172.21.0.1! Allowed networks: 127.0.0.0/127.255.255.255, ::1
Processing by Rails::WelcomeController#index as HTML
  Rendering /usr/local/bundle/gems/railties-8.1.1/lib/rails/templates/rails/welcome/index.html.erb
  Rendered /usr/local/bundle/gems/railties-8.1.1/lib/rails/templates/rails/welcome/index.html.erb (Duration: 0.0ms | GC: 0.0ms)
Completed 200 OK in 1ms (Views: 0.4ms | ActiveRecord: 0.0ms (0 queries, 0 cached) | GC: 0.0ms)


Started GET "/" for 172.21.0.1 at 2025-10-29 07:43:39 +0000
Cannot render console from 172.21.0.1! Allowed networks: 127.0.0.0/127.255.255.255, ::1
Processing by Rails::WelcomeController#index as HTML
  Rendering /usr/local/bundle/gems/railties-8.1.1/lib/rails/templates/rails/welcome/index.html.erb
  Rendered /usr/local/bundle/gems/railties-8.1.1/lib/rails/templates/rails/welcome/index.html.erb (Duration: 0.1ms | GC: 0.0ms)
Completed 200 OK in 1ms (Views: 0.5ms | ActiveRecord: 0.0ms (0 queries, 0 cached) | GC: 0.0ms)


Started GET "/" for 172.21.0.1 at 2025-10-29 07:43:47 +0000
Cannot render console from 172.21.0.1! Allowed networks: 127.0.0.0/127.255.255.255, ::1
  [1m[36mActiveRecord::SchemaMigration Load (0.5ms)[0m  [1m[34mSELECT `schema_migrations`.`version` FROM `schema_migrations` ORDER BY `schema_migrations`.`version` ASC /*application='App'*/[0m
Processing by Rails::WelcomeController#index as HTML
  Rendering /usr/local/bundle/gems/railties-8.1.1/lib/rails/templates/rails/welcome/index.html.erb
  Rendered /usr/local/bundle/gems/railties-8.1.1/lib/rails/templates/rails/welcome/index.html.erb (Duration: 0.8ms | GC: 0.0ms)
Completed 200 OK in 9ms (Views: 5.2ms | ActiveRecord: 0.0ms (0 queries, 0 cached) | GC: 4.0ms)


Started GET "/" for 172.21.0.1 at 2025-10-29 07:43:47 +0000
Cannot render console from 172.21.0.1! Allowed networks: 127.0.0.0/127.255.255.255, ::1
Processing by Rails::WelcomeController#index as HTML
  Rendering /usr/local/bundle/gems/railties-8.1.1/lib/rails/templates/rails/welcome/index.html.erb
  Rendered /usr/local/bundle/gems/railties-8.1.1/lib/rails/templates/rails/welcome/index.html.erb (Duration: 0.0ms | GC: 0.0ms)
Completed 200 OK in 2ms (Views: 0.4ms | ActiveRecord: 0.0ms (0 queries, 0 cached) | GC: 1.0ms)


Started GET "/" for 172.21.0.1 at 2025-10-29 07:43:47 +0000
Cannot render console from 172.21.0.1! Allowed networks: 127.0.0.0/127.255.255.255, ::1
Processing by Rails::WelcomeController#index as HTML
  Rendering /usr/local/bundle/gems/railties-8.1.1/lib/rails/templates/rails/welcome/index.html.erb
  Rendered /usr/local/bundle/gems/railties-8.1.1/lib/rails/templates/rails/welcome/index.html.erb (Duration: 0.1ms | GC: 0.0ms)
Completed 200 OK in 2ms (Views: 2.0ms | ActiveRecord: 0.0ms (0 queries, 0 cached) | GC: 1.3ms)


Started GET "/favicon.ico" for 172.21.0.1 at 2025-10-29 07:43:50 +0000
Cannot render console from 172.21.0.1! Allowed networks: 127.0.0.0/127.255.255.255, ::1
  
ActionController::RoutingError (No route matches [GET] "/favicon.ico"):
  
